[2026-09-10 10:00:01] === Observatory Collection Start ===
[2026-09-10 10:00:01] Collecting traffic data from kmstrack...
◇ injected env (3) from .env // tip: ◈ secrets for agents [www.dotenvx.com]
Collecting traffic data from kmstrack for mrohadiz.github.io...
Connecting to MongoDB...
Connected to kms_track.kmstrack
Found 10000 records for mrohadiz.github.io
Sample doc: user=1f5d006c-4827-4e70-8baf-0061194dbec4, session=8a5eb9e3-1eef-4b60-9a98-e98f3ecee789, time=Thu Sep 10 2026 08:39:18 GMT+0700 (Western Indonesia Time)
  Metrics: processed=424, users=17, sessions=30, session_ends=19, bounces=8
  Metrics: processed=2317, users=227, sessions=238, session_ends=35, bounces=12
  Filter: removed 7259 bot/crawler events (bot_ua_events=203, automated_sessions=102, sessions_removed=129)
Disconnected from MongoDB
✓ Traffic data saved to /home/rohadi/Projects/mrohadiz.github.io/data/observatory/traffic.json
  Summary: 17 users, 30 sessions
[2026-09-10 10:00:10] Collecting GitHub data...
Starting GitHub data collection...
Collecting commits...
Collecting repository info...
GitHub data collected successfully. Saved to /home/rohadi/Projects/mrohadiz.github.io/data/observatory/publishing.json
[2026-09-10 10:00:13] Collecting knowledge data...
Starting knowledge data collection...
Knowledge data collected successfully. Found 154 articles. Saved to /home/rohadi/Projects/mrohadiz.github.io/data/observatory/knowledge.json
[2026-09-10 10:00:13] Generating insights...
Starting insights generation...
Insights generated successfully. Found 10 insights. Saved to /home/rohadi/Projects/mrohadiz.github.io/data/observatory/insights.json
[2026-09-10 10:00:13] Collecting Google Search Console data...
2026-09-10 10:00:14,319 WARNING googleapiclient.discovery_cache: file_cache is unavailable when using oauth2client >= 4.0.0 or google-auth
Traceback (most recent call last):
  File "/usr/lib/python3/dist-packages/googleapiclient/discovery_cache/__init__.py", line 36, in autodetect
    from google.appengine.api import memcache
ModuleNotFoundError: No module named 'google.appengine'

During handling of the above exception, another exception occurred:

Traceback (most recent call last):
  File "/usr/lib/python3/dist-packages/googleapiclient/discovery_cache/file_cache.py", line 33, in <module>
    from oauth2client.contrib.locked_file import LockedFile
ModuleNotFoundError: No module named 'oauth2client.contrib.locked_file'

During handling of the above exception, another exception occurred:

Traceback (most recent call last):
  File "/usr/lib/python3/dist-packages/googleapiclient/discovery_cache/file_cache.py", line 37, in <module>
    from oauth2client.locked_file import LockedFile
ModuleNotFoundError: No module named 'oauth2client.locked_file'

During handling of the above exception, another exception occurred:

Traceback (most recent call last):
  File "/usr/lib/python3/dist-packages/googleapiclient/discovery_cache/__init__.py", line 42, in autodetect
    from . import file_cache
  File "/usr/lib/python3/dist-packages/googleapiclient/discovery_cache/file_cache.py", line 40, in <module>
    raise ImportError(
ImportError: file_cache is unavailable when using oauth2client >= 4.0.0 or google-auth
2026-09-10 10:00:14,320 INFO googleapiclient.discovery: URL being requested: GET https://www.googleapis.com/discovery/v1/apis/searchconsole/v1/rest
2026-09-10 10:00:14,816 INFO googleapiclient.discovery: URL being requested: POST https://searchconsole.googleapis.com/webmasters/v3/sites/https%3A%2F%2Fmrohadiz.github.io%2F/searchAnalytics/query?alt=json
2026-09-10 10:00:15,563 INFO googleapiclient.discovery: URL being requested: POST https://searchconsole.googleapis.com/webmasters/v3/sites/https%3A%2F%2Fmrohadiz.github.io%2F/searchAnalytics/query?alt=json
2026-09-10 10:00:15,870 INFO googleapiclient.discovery: URL being requested: POST https://searchconsole.googleapis.com/webmasters/v3/sites/https%3A%2F%2Fmrohadiz.github.io%2F/searchAnalytics/query?alt=json
2026-09-10 10:00:16,041 INFO googleapiclient.discovery: URL being requested: POST https://searchconsole.googleapis.com/webmasters/v3/sites/https%3A%2F%2Fmrohadiz.github.io%2F/searchAnalytics/query?alt=json
2026-09-10 10:00:16,165 INFO googleapiclient.discovery: URL being requested: POST https://searchconsole.googleapis.com/webmasters/v3/sites/https%3A%2F%2Fmrohadiz.github.io%2F/searchAnalytics/query?alt=json
2026-09-10 10:00:16,477 INFO googleapiclient.discovery: URL being requested: POST https://searchconsole.googleapis.com/webmasters/v3/sites/https%3A%2F%2Fmrohadiz.github.io%2F/searchAnalytics/query?alt=json
2026-09-10 10:00:16,646 INFO googleapiclient.discovery: URL being requested: POST https://searchconsole.googleapis.com/webmasters/v3/sites/https%3A%2F%2Fmrohadiz.github.io%2F/searchAnalytics/query?alt=json
2026-09-10 10:00:17,244 INFO googleapiclient.discovery: URL being requested: POST https://searchconsole.googleapis.com/webmasters/v3/sites/https%3A%2F%2Fmrohadiz.github.io%2F/searchAnalytics/query?alt=json
2026-09-10 10:00:17,434 INFO collector.gsc_collector: Saved data/observatory/search.json (2984 bytes)
{
  "name": "gsc_collector",
  "last_run": "2026-09-10T03:00:14.279282+00:00",
  "last_error": null,
  "status": "healthy"
}
[2026-09-10 10:00:17] Staging changes...
[2026-09-10 10:00:17] Committing and pushing...
[graphify hook] launching background rebuild (log: /home/rohadi/.cache/graphify-rebuild.log)
[main f2b2084] chore: update observatory data 2026-09-10
 7 files changed, 164 insertions(+), 104 deletions(-)
 create mode 100644 data/observatory/logs/collect-20260910-1000.log
From github.com:mrohadiz/mrohadiz.github.io
 * branch            main       -> FETCH_HEAD
