[2026-09-08 10:00:01] === Observatory Collection Start ===
[2026-09-08 10:00:01] Collecting traffic data from kmstrack...
◇ injected env (3) from .env // tip: ⌘ suppress logs { quiet: true }
Collecting traffic data from kmstrack for mrohadiz.github.io...
Connecting to MongoDB...
Connected to kms_track.kmstrack
Found 10000 records for mrohadiz.github.io
Sample doc: user=fd31599d-598e-4a2b-b86f-6a63cfff3f5e, session=ef541ea4-0ba3-4b4a-9d7f-d02269520014, time=Tue Sep 08 2026 08:57:50 GMT+0700 (Western Indonesia Time)
  Metrics: processed=499, users=21, sessions=36, session_ends=25, bounces=12
  Metrics: processed=2251, users=224, sessions=233, session_ends=29, bounces=8
  Filter: removed 7250 bot/crawler events (bot_ua_events=194, automated_sessions=102, sessions_removed=124)
Disconnected from MongoDB
✓ Traffic data saved to /home/rohadi/Projects/mrohadiz.github.io/data/observatory/traffic.json
  Summary: 21 users, 36 sessions
[2026-09-08 10:00:15] Collecting GitHub data...
Starting GitHub data collection...
Collecting commits...
Collecting repository info...
GitHub data collected successfully. Saved to /home/rohadi/Projects/mrohadiz.github.io/data/observatory/publishing.json
[2026-09-08 10:00:18] Collecting knowledge data...
Starting knowledge data collection...
Knowledge data collected successfully. Found 154 articles. Saved to /home/rohadi/Projects/mrohadiz.github.io/data/observatory/knowledge.json
[2026-09-08 10:00:18] Generating insights...
Starting insights generation...
Insights generated successfully. Found 10 insights. Saved to /home/rohadi/Projects/mrohadiz.github.io/data/observatory/insights.json
[2026-09-08 10:00:18] Collecting Google Search Console data...
2026-09-08 10:00:19,823 WARNING googleapiclient.discovery_cache: file_cache is unavailable when using oauth2client >= 4.0.0 or google-auth
Traceback (most recent call last):
  File "/usr/lib/python3/dist-packages/googleapiclient/discovery_cache/__init__.py", line 36, in autodetect
    from google.appengine.api import memcache
ModuleNotFoundError: No module named 'google.appengine'

During handling of the above exception, another exception occurred:

Traceback (most recent call last):
  File "/usr/lib/python3/dist-packages/googleapiclient/discovery_cache/file_cache.py", line 33, in <module>
    from oauth2client.contrib.locked_file import LockedFile
ModuleNotFoundError: No module named 'oauth2client.contrib.locked_file'

During handling of the above exception, another exception occurred:

Traceback (most recent call last):
  File "/usr/lib/python3/dist-packages/googleapiclient/discovery_cache/file_cache.py", line 37, in <module>
    from oauth2client.locked_file import LockedFile
ModuleNotFoundError: No module named 'oauth2client.locked_file'

During handling of the above exception, another exception occurred:

Traceback (most recent call last):
  File "/usr/lib/python3/dist-packages/googleapiclient/discovery_cache/__init__.py", line 42, in autodetect
    from . import file_cache
  File "/usr/lib/python3/dist-packages/googleapiclient/discovery_cache/file_cache.py", line 40, in <module>
    raise ImportError(
ImportError: file_cache is unavailable when using oauth2client >= 4.0.0 or google-auth
2026-09-08 10:00:19,824 INFO googleapiclient.discovery: URL being requested: GET https://www.googleapis.com/discovery/v1/apis/searchconsole/v1/rest
2026-09-08 10:00:20,597 INFO googleapiclient.discovery: URL being requested: POST https://searchconsole.googleapis.com/webmasters/v3/sites/https%3A%2F%2Fmrohadiz.github.io%2F/searchAnalytics/query?alt=json
2026-09-08 10:00:21,520 INFO googleapiclient.discovery: URL being requested: POST https://searchconsole.googleapis.com/webmasters/v3/sites/https%3A%2F%2Fmrohadiz.github.io%2F/searchAnalytics/query?alt=json
2026-09-08 10:00:22,380 INFO googleapiclient.discovery: URL being requested: POST https://searchconsole.googleapis.com/webmasters/v3/sites/https%3A%2F%2Fmrohadiz.github.io%2F/searchAnalytics/query?alt=json
2026-09-08 10:00:22,542 INFO googleapiclient.discovery: URL being requested: POST https://searchconsole.googleapis.com/webmasters/v3/sites/https%3A%2F%2Fmrohadiz.github.io%2F/searchAnalytics/query?alt=json
2026-09-08 10:00:22,920 INFO googleapiclient.discovery: URL being requested: POST https://searchconsole.googleapis.com/webmasters/v3/sites/https%3A%2F%2Fmrohadiz.github.io%2F/searchAnalytics/query?alt=json
2026-09-08 10:00:23,328 INFO googleapiclient.discovery: URL being requested: POST https://searchconsole.googleapis.com/webmasters/v3/sites/https%3A%2F%2Fmrohadiz.github.io%2F/searchAnalytics/query?alt=json
2026-09-08 10:00:23,705 INFO googleapiclient.discovery: URL being requested: POST https://searchconsole.googleapis.com/webmasters/v3/sites/https%3A%2F%2Fmrohadiz.github.io%2F/searchAnalytics/query?alt=json
2026-09-08 10:00:24,028 INFO googleapiclient.discovery: URL being requested: POST https://searchconsole.googleapis.com/webmasters/v3/sites/https%3A%2F%2Fmrohadiz.github.io%2F/searchAnalytics/query?alt=json
2026-09-08 10:00:24,191 INFO collector.gsc_collector: Saved data/observatory/search.json (3176 bytes)
{
  "name": "gsc_collector",
  "last_run": "2026-09-08T03:00:19.729578+00:00",
  "last_error": null,
  "status": "healthy"
}
[2026-09-08 10:00:24] Staging changes...
