[2026-09-14 15:00:01] === Observatory Collection Start ===
[2026-09-14 15:00:01] Collecting traffic data from kmstrack...
◇ injected env (3) from .env // tip: ⌘ multiple files { path: ['.env.local', '.env'] }
Collecting traffic data from kmstrack for mrohadiz.github.io...
Connecting to MongoDB...
Connected to kms_track.kmstrack
Found 10000 records for mrohadiz.github.io
Sample doc: user=c2629df8-0a44-4a83-b022-c49d96e667a4, session=aadf7b61-85cd-415b-9aed-8b7eee23c734, time=Mon Sep 14 2026 13:47:24 GMT+0700 (Western Indonesia Time)
  Metrics: processed=614, users=20, sessions=36, session_ends=28, bounces=11
  Metrics: processed=395, users=24, sessions=34, session_ends=18, bounces=9
  Filter: removed 7279 bot/crawler events (bot_ua_events=223, automated_sessions=102, sessions_removed=139)
Disconnected from MongoDB
✓ Traffic data saved to /home/rohadi/Projects/mrohadiz.github.io/data/observatory/traffic.json
  Summary: 20 users, 36 sessions
[2026-09-14 15:00:04] Collecting GitHub data...
Starting GitHub data collection...
Collecting commits...
Collecting repository info...
GitHub data collected successfully. Saved to /home/rohadi/Projects/mrohadiz.github.io/data/observatory/publishing.json
[2026-09-14 15:00:07] Collecting knowledge data...
Starting knowledge data collection...
Knowledge data collected successfully. Found 154 articles. Saved to /home/rohadi/Projects/mrohadiz.github.io/data/observatory/knowledge.json
[2026-09-14 15:00:07] Generating insights...
Starting insights generation...
Insights generated successfully. Found 10 insights. Saved to /home/rohadi/Projects/mrohadiz.github.io/data/observatory/insights.json
[2026-09-14 15:00:07] Collecting Google Search Console data...
2026-09-14 15:00:08,453 WARNING googleapiclient.discovery_cache: file_cache is unavailable when using oauth2client >= 4.0.0 or google-auth
Traceback (most recent call last):
  File "/usr/lib/python3/dist-packages/googleapiclient/discovery_cache/__init__.py", line 36, in autodetect
    from google.appengine.api import memcache
ModuleNotFoundError: No module named 'google.appengine'

During handling of the above exception, another exception occurred:

Traceback (most recent call last):
  File "/usr/lib/python3/dist-packages/googleapiclient/discovery_cache/file_cache.py", line 33, in <module>
    from oauth2client.contrib.locked_file import LockedFile
ModuleNotFoundError: No module named 'oauth2client.contrib.locked_file'

During handling of the above exception, another exception occurred:

Traceback (most recent call last):
  File "/usr/lib/python3/dist-packages/googleapiclient/discovery_cache/file_cache.py", line 37, in <module>
    from oauth2client.locked_file import LockedFile
ModuleNotFoundError: No module named 'oauth2client.locked_file'

During handling of the above exception, another exception occurred:

Traceback (most recent call last):
  File "/usr/lib/python3/dist-packages/googleapiclient/discovery_cache/__init__.py", line 42, in autodetect
    from . import file_cache
  File "/usr/lib/python3/dist-packages/googleapiclient/discovery_cache/file_cache.py", line 40, in <module>
    raise ImportError(
ImportError: file_cache is unavailable when using oauth2client >= 4.0.0 or google-auth
2026-09-14 15:00:08,454 INFO googleapiclient.discovery: URL being requested: GET https://www.googleapis.com/discovery/v1/apis/searchconsole/v1/rest
2026-09-14 15:00:08,985 INFO googleapiclient.discovery: URL being requested: POST https://searchconsole.googleapis.com/webmasters/v3/sites/https%3A%2F%2Fmrohadiz.github.io%2F/searchAnalytics/query?alt=json
2026-09-14 15:00:09,803 INFO googleapiclient.discovery: URL being requested: POST https://searchconsole.googleapis.com/webmasters/v3/sites/https%3A%2F%2Fmrohadiz.github.io%2F/searchAnalytics/query?alt=json
2026-09-14 15:00:10,152 INFO googleapiclient.discovery: URL being requested: POST https://searchconsole.googleapis.com/webmasters/v3/sites/https%3A%2F%2Fmrohadiz.github.io%2F/searchAnalytics/query?alt=json
2026-09-14 15:00:10,329 INFO googleapiclient.discovery: URL being requested: POST https://searchconsole.googleapis.com/webmasters/v3/sites/https%3A%2F%2Fmrohadiz.github.io%2F/searchAnalytics/query?alt=json
2026-09-14 15:00:10,663 INFO googleapiclient.discovery: URL being requested: POST https://searchconsole.googleapis.com/webmasters/v3/sites/https%3A%2F%2Fmrohadiz.github.io%2F/searchAnalytics/query?alt=json
2026-09-14 15:00:11,010 INFO googleapiclient.discovery: URL being requested: POST https://searchconsole.googleapis.com/webmasters/v3/sites/https%3A%2F%2Fmrohadiz.github.io%2F/searchAnalytics/query?alt=json
2026-09-14 15:00:11,304 INFO googleapiclient.discovery: URL being requested: POST https://searchconsole.googleapis.com/webmasters/v3/sites/https%3A%2F%2Fmrohadiz.github.io%2F/searchAnalytics/query?alt=json
2026-09-14 15:00:11,613 INFO googleapiclient.discovery: URL being requested: POST https://searchconsole.googleapis.com/webmasters/v3/sites/https%3A%2F%2Fmrohadiz.github.io%2F/searchAnalytics/query?alt=json
2026-09-14 15:00:12,069 INFO collector.gsc_collector: Saved data/observatory/search.json (3171 bytes)
{
  "name": "gsc_collector",
  "last_run": "2026-09-14T08:00:08.374967+00:00",
  "last_error": null,
  "status": "healthy"
}
[2026-09-14 15:00:12] Staging changes...
