[2026-08-07 15:00:01] === Observatory Collection Start ===
[2026-08-07 15:00:01] Collecting traffic data from kmstrack...
◇ injected env (3) from .env // tip: ◈ secrets for agents [www.dotenvx.com]
Collecting traffic data from kmstrack for mrohadiz.github.io...
Connecting to MongoDB...
Connected to kms_track.kmstrack
Found 10000 records for mrohadiz.github.io
Sample doc: user=0eb17b2b-4e7c-48b0-9f79-fc41d4de7f12, session=7eab57bd-dca1-4d41-be6d-fc8290dc88ae, time=Fri Aug 07 2026 14:33:52 GMT+0700 (Western Indonesia Time)
  Metrics: processed=3168, users=333, sessions=342, session_ends=29, bounces=8
  Filter: removed 6832 bot/crawler events (bot_ua_events=144, automated_sessions=77, sessions_removed=89)
Disconnected from MongoDB
✓ Traffic data saved to /home/rohadi/Projects/mrohadiz.github.io/data/observatory/traffic.json
  Summary: 333 users, 342 sessions
[2026-08-07 15:00:04] Collecting GitHub data...
Starting GitHub data collection...
Collecting commits...
Collecting repository info...
GitHub data collected successfully. Saved to /home/rohadi/Projects/mrohadiz.github.io/data/observatory/publishing.json
[2026-08-07 15:00:06] Collecting knowledge data...
Starting knowledge data collection...
Knowledge data collected successfully. Found 57 articles. Saved to /home/rohadi/Projects/mrohadiz.github.io/data/observatory/knowledge.json
[2026-08-07 15:00:06] Generating insights...
Starting insights generation...
Insights generated successfully. Found 8 insights. Saved to /home/rohadi/Projects/mrohadiz.github.io/data/observatory/insights.json
[2026-08-07 15:00:06] Staging changes...
[2026-08-07 15:00:06] Committing and pushing...
[graphify hook] launching background rebuild (log: /home/rohadi/.cache/graphify-rebuild.log)
[main 6f71392] chore: update observatory data 2026-08-07
 6 files changed, 94 insertions(+), 70 deletions(-)
 create mode 100644 data/observatory/logs/collect-20260807-1500.log
To github.com:mrohadiz/mrohadiz.github.io.git
   3e9d2d6..6f71392  main -> main
[2026-08-07 15:00:10] Done.
[2026-08-07 15:00:10] === Observatory Collection Complete ===
