[2026-08-12 10:00:02] === Observatory Collection Start ===
[2026-08-12 10:00:02] Collecting traffic data from kmstrack...
◇ injected env (3) from .env // tip: ⌁ auth for agents [www.vestauth.com]
Collecting traffic data from kmstrack for mrohadiz.github.io...
Connecting to MongoDB...
Connected to kms_track.kmstrack
Found 10000 records for mrohadiz.github.io
Sample doc: user=c2629df8-0a44-4a83-b022-c49d96e667a4, session=e3737c9f-dcc7-4f9a-ac2b-1f884cbdf17a, time=Tue Aug 11 2026 09:04:48 GMT+0700 (Western Indonesia Time)
  Metrics: processed=635, users=33, sessions=44, session_ends=30, bounces=10
  Metrics: processed=2494, users=293, sessions=293, session_ends=5, bounces=2
  Filter: removed 6871 bot/crawler events (bot_ua_events=146, automated_sessions=86, sessions_removed=99)
Disconnected from MongoDB
✓ Traffic data saved to /home/rohadi/Projects/mrohadiz.github.io/data/observatory/traffic.json
  Summary: 33 users, 44 sessions
[2026-08-12 10:00:11] Collecting GitHub data...
Starting GitHub data collection...
Collecting commits...
Collecting repository info...
GitHub data collected successfully. Saved to /home/rohadi/Projects/mrohadiz.github.io/data/observatory/publishing.json
[2026-08-12 10:00:13] Collecting knowledge data...
Starting knowledge data collection...
Knowledge data collected successfully. Found 57 articles. Saved to /home/rohadi/Projects/mrohadiz.github.io/data/observatory/knowledge.json
[2026-08-12 10:00:13] Generating insights...
Starting insights generation...
Insights generated successfully. Found 9 insights. Saved to /home/rohadi/Projects/mrohadiz.github.io/data/observatory/insights.json
[2026-08-12 10:00:14] Staging changes...
