[2026-10-07 15:00:01] === Observatory Collection Start ===
[2026-10-07 15:00:01] Collecting traffic data from kmstrack...
◇ injected env (3) from .env // tip: ⌁ auth for agents [www.vestauth.com]
Collecting traffic data from kmstrack for www.mrohadiz.my.id, mrohadiz.my.id, mrohadiz.github.io...
Connecting to MongoDB...
Connected to kms_track.kmstrack
 - www.mrohadiz.my.id: 9229 records
 - mrohadiz.github.io: 10000 records
Total found: 10000 records across [www.mrohadiz.my.id, mrohadiz.my.id, mrohadiz.github.io]
Sample doc: user=d7ac367c-ec21-4830-aa02-ebb551478365, session=adeca83e-06fc-4163-bc1f-33f21ed94e35, time=Wed Oct 07 2026 13:57:32 GMT+0700 (Western Indonesia Time)
  Metrics: processed=974, users=32, sessions=48, session_ends=54, bounces=24
  Metrics: processed=290, users=11, sessions=21, session_ends=16, bounces=6
  Filter: removed 8736 bot/crawler events (bot_ua_events=7407, automated_sessions=25, sessions_removed=658)
Disconnected from MongoDB
✓ Traffic data saved to /home/rohadi/Projects/mrohadiz.github.io/data/observatory/traffic.json
  Summary: 32 users, 48 sessions
[2026-10-07 15:00:17] Collecting GitHub data...
Starting GitHub data collection...
Collecting commits...
Collecting repository info...
GitHub data collected successfully. Saved to /home/rohadi/Projects/mrohadiz.github.io/data/observatory/publishing.json
[2026-10-07 15:00:20] Collecting knowledge data...
Starting knowledge data collection...
Knowledge data collected successfully. Found 174 articles. Saved to /home/rohadi/Projects/mrohadiz.github.io/data/observatory/knowledge.json
[2026-10-07 15:00:20] Generating insights...
Starting insights generation...
Insights generated successfully. Found 11 insights. Saved to /home/rohadi/Projects/mrohadiz.github.io/data/observatory/insights.json
[2026-10-07 15:00:20] Collecting Google Search Console data...
2026-10-07 15:00:22,385 WARNING googleapiclient.discovery_cache: file_cache is unavailable when using oauth2client >= 4.0.0 or google-auth
Traceback (most recent call last):
  File "/usr/lib/python3/dist-packages/googleapiclient/discovery_cache/__init__.py", line 36, in autodetect
    from google.appengine.api import memcache
ModuleNotFoundError: No module named 'google.appengine'

During handling of the above exception, another exception occurred:

Traceback (most recent call last):
  File "/usr/lib/python3/dist-packages/googleapiclient/discovery_cache/file_cache.py", line 33, in <module>
    from oauth2client.contrib.locked_file import LockedFile
ModuleNotFoundError: No module named 'oauth2client.contrib.locked_file'

During handling of the above exception, another exception occurred:

Traceback (most recent call last):
  File "/usr/lib/python3/dist-packages/googleapiclient/discovery_cache/file_cache.py", line 37, in <module>
    from oauth2client.locked_file import LockedFile
ModuleNotFoundError: No module named 'oauth2client.locked_file'

During handling of the above exception, another exception occurred:

Traceback (most recent call last):
  File "/usr/lib/python3/dist-packages/googleapiclient/discovery_cache/__init__.py", line 42, in autodetect
    from . import file_cache
  File "/usr/lib/python3/dist-packages/googleapiclient/discovery_cache/file_cache.py", line 40, in <module>
    raise ImportError(
ImportError: file_cache is unavailable when using oauth2client >= 4.0.0 or google-auth
2026-10-07 15:00:22,386 INFO googleapiclient.discovery: URL being requested: GET https://www.googleapis.com/discovery/v1/apis/searchconsole/v1/rest
2026-10-07 15:00:22,831 INFO googleapiclient.discovery: URL being requested: POST https://searchconsole.googleapis.com/webmasters/v3/sites/https%3A%2F%2Fmrohadiz.github.io%2F/searchAnalytics/query?alt=json
2026-10-07 15:00:23,636 INFO googleapiclient.discovery: URL being requested: POST https://searchconsole.googleapis.com/webmasters/v3/sites/https%3A%2F%2Fmrohadiz.github.io%2F/searchAnalytics/query?alt=json
2026-10-07 15:00:23,799 INFO googleapiclient.discovery: URL being requested: POST https://searchconsole.googleapis.com/webmasters/v3/sites/https%3A%2F%2Fmrohadiz.github.io%2F/searchAnalytics/query?alt=json
2026-10-07 15:00:26,063 INFO googleapiclient.discovery: URL being requested: POST https://searchconsole.googleapis.com/webmasters/v3/sites/https%3A%2F%2Fmrohadiz.github.io%2F/searchAnalytics/query?alt=json
2026-10-07 15:00:26,250 INFO googleapiclient.discovery: URL being requested: POST https://searchconsole.googleapis.com/webmasters/v3/sites/https%3A%2F%2Fmrohadiz.github.io%2F/searchAnalytics/query?alt=json
2026-10-07 15:00:26,462 INFO googleapiclient.discovery: URL being requested: POST https://searchconsole.googleapis.com/webmasters/v3/sites/https%3A%2F%2Fmrohadiz.github.io%2F/searchAnalytics/query?alt=json
2026-10-07 15:00:26,596 INFO googleapiclient.discovery: URL being requested: POST https://searchconsole.googleapis.com/webmasters/v3/sites/https%3A%2F%2Fmrohadiz.github.io%2F/searchAnalytics/query?alt=json
2026-10-07 15:00:26,766 INFO googleapiclient.discovery: URL being requested: POST https://searchconsole.googleapis.com/webmasters/v3/sites/https%3A%2F%2Fmrohadiz.github.io%2F/searchAnalytics/query?alt=json
2026-10-07 15:00:27,211 INFO collector.gsc_collector: Saved data/observatory/search.json (3166 bytes)
{
  "name": "gsc_collector",
  "last_run": "2026-10-07T08:00:22.336796+00:00",
  "last_error": null,
  "status": "healthy"
}
[2026-10-07 15:00:27] Staging changes...
