[2026-08-10 15:00:01] === Observatory Collection Start ===
[2026-08-10 15:00:01] Collecting traffic data from kmstrack...
◇ injected env (3) from .env // tip: ⌘ override existing { override: true }
Collecting traffic data from kmstrack for mrohadiz.github.io...
Connecting to MongoDB...
Connected to kms_track.kmstrack
Found 10000 records for mrohadiz.github.io
Sample doc: user=8a43754a-0908-430a-bbf0-e29c1ce53bbb, session=7f8814a8-25f2-4d50-bbe3-2d3fbd14606d, time=Mon Aug 10 2026 13:50:22 GMT+0700 (Western Indonesia Time)
  Metrics: processed=3238, users=337, sessions=347, session_ends=34, bounces=12
  Filter: removed 6762 bot/crawler events (bot_ua_events=146, automated_sessions=83, sessions_removed=96)
Disconnected from MongoDB
✓ Traffic data saved to /home/rohadi/Projects/mrohadiz.github.io/data/observatory/traffic.json
  Summary: 337 users, 347 sessions
[2026-08-10 15:00:05] Collecting GitHub data...
Starting GitHub data collection...
Collecting commits...
Collecting repository info...
GitHub data collected successfully. Saved to /home/rohadi/Projects/mrohadiz.github.io/data/observatory/publishing.json
[2026-08-10 15:00:07] Collecting knowledge data...
Starting knowledge data collection...
Knowledge data collected successfully. Found 57 articles. Saved to /home/rohadi/Projects/mrohadiz.github.io/data/observatory/knowledge.json
[2026-08-10 15:00:07] Generating insights...
Starting insights generation...
Insights generated successfully. Found 7 insights. Saved to /home/rohadi/Projects/mrohadiz.github.io/data/observatory/insights.json
[2026-08-10 15:00:08] Staging changes...
[2026-08-10 15:00:08] Committing and pushing...
[graphify hook] launching background rebuild (log: /home/rohadi/.cache/graphify-rebuild.log)
[main 695059d] chore: update observatory data 2026-08-10
 6 files changed, 92 insertions(+), 49 deletions(-)
 create mode 100644 data/observatory/logs/collect-20260810-1500.log
To github.com:mrohadiz/mrohadiz.github.io.git
 ! [rejected]        main -> main (fetch first)
error: failed to push some refs to 'github.com:mrohadiz/mrohadiz.github.io.git'
hint: Updates were rejected because the remote contains work that you do not
hint: have locally. This is usually caused by another repository pushing to
hint: the same ref. If you want to integrate the remote changes, use
hint: 'git pull' before pushing again.
hint: See the 'Note about fast-forwards' in 'git push --help' for details.
