[2026-09-17 15:00:01] === Observatory Collection Start ===
[2026-09-17 15:00:01] Collecting traffic data from kmstrack...
◇ injected env (3) from .env // tip: ⌘ enable debugging { debug: true }
Collecting traffic data from kmstrack for www.mrohadiz.my.id, mrohadiz.my.id, mrohadiz.github.io...
Connecting to MongoDB...
Connected to kms_track.kmstrack
 - www.mrohadiz.my.id: 557 records
 - mrohadiz.github.io: 10000 records
Total found: 10000 records across [www.mrohadiz.my.id, mrohadiz.my.id, mrohadiz.github.io]
Sample doc: user=7ab35a5e-9994-47bd-8b87-f7a74fd81fba, session=36f708db-57a8-4bfd-9c40-992221deaace, time=Thu Sep 17 2026 12:26:46 GMT+0700 (Western Indonesia Time)
  Metrics: processed=584, users=20, sessions=34, session_ends=30, bounces=12
  Metrics: processed=520, users=29, sessions=42, session_ends=20, bounces=10
  Filter: removed 7778 bot/crawler events (bot_ua_events=317, automated_sessions=104, sessions_removed=168)
Disconnected from MongoDB
✓ Traffic data saved to /home/rohadi/Projects/mrohadiz.github.io/data/observatory/traffic.json
  Summary: 20 users, 34 sessions
[2026-09-17 15:00:12] Collecting GitHub data...
Starting GitHub data collection...
Collecting commits...
Collecting repository info...
GitHub data collected successfully. Saved to /home/rohadi/Projects/mrohadiz.github.io/data/observatory/publishing.json
[2026-09-17 15:00:15] Collecting knowledge data...
Starting knowledge data collection...
Knowledge data collected successfully. Found 163 articles. Saved to /home/rohadi/Projects/mrohadiz.github.io/data/observatory/knowledge.json
[2026-09-17 15:00:15] Generating insights...
Starting insights generation...
Insights generated successfully. Found 10 insights. Saved to /home/rohadi/Projects/mrohadiz.github.io/data/observatory/insights.json
[2026-09-17 15:00:15] Collecting Google Search Console data...
2026-09-17 15:00:16,849 WARNING googleapiclient.discovery_cache: file_cache is unavailable when using oauth2client >= 4.0.0 or google-auth
Traceback (most recent call last):
  File "/usr/lib/python3/dist-packages/googleapiclient/discovery_cache/__init__.py", line 36, in autodetect
    from google.appengine.api import memcache
ModuleNotFoundError: No module named 'google.appengine'

During handling of the above exception, another exception occurred:

Traceback (most recent call last):
  File "/usr/lib/python3/dist-packages/googleapiclient/discovery_cache/file_cache.py", line 33, in <module>
    from oauth2client.contrib.locked_file import LockedFile
ModuleNotFoundError: No module named 'oauth2client.contrib.locked_file'

During handling of the above exception, another exception occurred:

Traceback (most recent call last):
  File "/usr/lib/python3/dist-packages/googleapiclient/discovery_cache/file_cache.py", line 37, in <module>
    from oauth2client.locked_file import LockedFile
ModuleNotFoundError: No module named 'oauth2client.locked_file'

During handling of the above exception, another exception occurred:

Traceback (most recent call last):
  File "/usr/lib/python3/dist-packages/googleapiclient/discovery_cache/__init__.py", line 42, in autodetect
    from . import file_cache
  File "/usr/lib/python3/dist-packages/googleapiclient/discovery_cache/file_cache.py", line 40, in <module>
    raise ImportError(
ImportError: file_cache is unavailable when using oauth2client >= 4.0.0 or google-auth
2026-09-17 15:00:16,850 INFO googleapiclient.discovery: URL being requested: GET https://www.googleapis.com/discovery/v1/apis/searchconsole/v1/rest
2026-09-17 15:00:17,370 INFO googleapiclient.discovery: URL being requested: POST https://searchconsole.googleapis.com/webmasters/v3/sites/https%3A%2F%2Fmrohadiz.github.io%2F/searchAnalytics/query?alt=json
2026-09-17 15:00:23,973 INFO googleapiclient.discovery: URL being requested: POST https://searchconsole.googleapis.com/webmasters/v3/sites/https%3A%2F%2Fmrohadiz.github.io%2F/searchAnalytics/query?alt=json
2026-09-17 15:00:24,321 INFO googleapiclient.discovery: URL being requested: POST https://searchconsole.googleapis.com/webmasters/v3/sites/https%3A%2F%2Fmrohadiz.github.io%2F/searchAnalytics/query?alt=json
2026-09-17 15:00:24,484 INFO googleapiclient.discovery: URL being requested: POST https://searchconsole.googleapis.com/webmasters/v3/sites/https%3A%2F%2Fmrohadiz.github.io%2F/searchAnalytics/query?alt=json
2026-09-17 15:00:24,706 INFO googleapiclient.discovery: URL being requested: POST https://searchconsole.googleapis.com/webmasters/v3/sites/https%3A%2F%2Fmrohadiz.github.io%2F/searchAnalytics/query?alt=json
2026-09-17 15:00:25,002 INFO googleapiclient.discovery: URL being requested: POST https://searchconsole.googleapis.com/webmasters/v3/sites/https%3A%2F%2Fmrohadiz.github.io%2F/searchAnalytics/query?alt=json
2026-09-17 15:00:25,701 INFO googleapiclient.discovery: URL being requested: POST https://searchconsole.googleapis.com/webmasters/v3/sites/https%3A%2F%2Fmrohadiz.github.io%2F/searchAnalytics/query?alt=json
2026-09-17 15:00:26,008 INFO googleapiclient.discovery: URL being requested: POST https://searchconsole.googleapis.com/webmasters/v3/sites/https%3A%2F%2Fmrohadiz.github.io%2F/searchAnalytics/query?alt=json
2026-09-17 15:00:26,123 INFO collector.gsc_collector: Saved data/observatory/search.json (3171 bytes)
{
  "name": "gsc_collector",
  "last_run": "2026-09-17T08:00:16.770796+00:00",
  "last_error": null,
  "status": "healthy"
}
[2026-09-17 15:00:26] Staging changes...
