[2026-10-08 15:00:01] === Observatory Collection Start ===
[2026-10-08 15:00:01] Collecting traffic data from kmstrack...
◇ injected env (3) from .env // tip: ⌘ override existing { override: true }
Collecting traffic data from kmstrack for www.mrohadiz.my.id, mrohadiz.my.id, mrohadiz.github.io...
Connecting to MongoDB...
Connected to kms_track.kmstrack
 - www.mrohadiz.my.id: 9416 records
 - mrohadiz.github.io: 10000 records
Total found: 10000 records across [www.mrohadiz.my.id, mrohadiz.my.id, mrohadiz.github.io]
Sample doc: user=401f0e98-86c5-4db8-9934-32010ec8371c, session=b7e55edc-8b58-44d6-9904-b5de6006b79a, time=Thu Oct 08 2026 07:48:19 GMT+0700 (Western Indonesia Time)
  Metrics: processed=995, users=34, sessions=50, session_ends=55, bounces=25
  Metrics: processed=262, users=8, sessions=18, session_ends=16, bounces=6
  Filter: removed 8743 bot/crawler events (bot_ua_events=7407, automated_sessions=24, sessions_removed=658)
Disconnected from MongoDB
✓ Traffic data saved to /home/rohadi/Projects/mrohadiz.github.io/data/observatory/traffic.json
  Summary: 34 users, 50 sessions
[2026-10-08 15:00:14] Collecting GitHub data...
Starting GitHub data collection...
Collecting commits...
Collecting repository info...
GitHub data collected successfully. Saved to /home/rohadi/Projects/mrohadiz.github.io/data/observatory/publishing.json
[2026-10-08 15:00:17] Collecting knowledge data...
Starting knowledge data collection...
Knowledge data collected successfully. Found 174 articles. Saved to /home/rohadi/Projects/mrohadiz.github.io/data/observatory/knowledge.json
[2026-10-08 15:00:17] Generating insights...
Starting insights generation...
Insights generated successfully. Found 11 insights. Saved to /home/rohadi/Projects/mrohadiz.github.io/data/observatory/insights.json
[2026-10-08 15:00:17] Collecting Google Search Console data...
2026-10-08 15:00:19,642 WARNING googleapiclient.discovery_cache: file_cache is unavailable when using oauth2client >= 4.0.0 or google-auth
Traceback (most recent call last):
  File "/usr/lib/python3/dist-packages/googleapiclient/discovery_cache/__init__.py", line 36, in autodetect
    from google.appengine.api import memcache
ModuleNotFoundError: No module named 'google.appengine'

During handling of the above exception, another exception occurred:

Traceback (most recent call last):
  File "/usr/lib/python3/dist-packages/googleapiclient/discovery_cache/file_cache.py", line 33, in <module>
    from oauth2client.contrib.locked_file import LockedFile
ModuleNotFoundError: No module named 'oauth2client.contrib.locked_file'

During handling of the above exception, another exception occurred:

Traceback (most recent call last):
  File "/usr/lib/python3/dist-packages/googleapiclient/discovery_cache/file_cache.py", line 37, in <module>
    from oauth2client.locked_file import LockedFile
ModuleNotFoundError: No module named 'oauth2client.locked_file'

During handling of the above exception, another exception occurred:

Traceback (most recent call last):
  File "/usr/lib/python3/dist-packages/googleapiclient/discovery_cache/__init__.py", line 42, in autodetect
    from . import file_cache
  File "/usr/lib/python3/dist-packages/googleapiclient/discovery_cache/file_cache.py", line 40, in <module>
    raise ImportError(
ImportError: file_cache is unavailable when using oauth2client >= 4.0.0 or google-auth
2026-10-08 15:00:19,643 INFO googleapiclient.discovery: URL being requested: GET https://www.googleapis.com/discovery/v1/apis/searchconsole/v1/rest
2026-10-08 15:00:20,719 INFO googleapiclient.discovery: URL being requested: POST https://searchconsole.googleapis.com/webmasters/v3/sites/https%3A%2F%2Fmrohadiz.github.io%2F/searchAnalytics/query?alt=json
2026-10-08 15:00:22,022 INFO googleapiclient.discovery: URL being requested: POST https://searchconsole.googleapis.com/webmasters/v3/sites/https%3A%2F%2Fmrohadiz.github.io%2F/searchAnalytics/query?alt=json
2026-10-08 15:00:22,641 INFO googleapiclient.discovery: URL being requested: POST https://searchconsole.googleapis.com/webmasters/v3/sites/https%3A%2F%2Fmrohadiz.github.io%2F/searchAnalytics/query?alt=json
2026-10-08 15:00:22,924 INFO googleapiclient.discovery: URL being requested: POST https://searchconsole.googleapis.com/webmasters/v3/sites/https%3A%2F%2Fmrohadiz.github.io%2F/searchAnalytics/query?alt=json
2026-10-08 15:00:23,142 INFO googleapiclient.discovery: URL being requested: POST https://searchconsole.googleapis.com/webmasters/v3/sites/https%3A%2F%2Fmrohadiz.github.io%2F/searchAnalytics/query?alt=json
2026-10-08 15:00:23,644 INFO googleapiclient.discovery: URL being requested: POST https://searchconsole.googleapis.com/webmasters/v3/sites/https%3A%2F%2Fmrohadiz.github.io%2F/searchAnalytics/query?alt=json
2026-10-08 15:00:23,875 INFO googleapiclient.discovery: URL being requested: POST https://searchconsole.googleapis.com/webmasters/v3/sites/https%3A%2F%2Fmrohadiz.github.io%2F/searchAnalytics/query?alt=json
2026-10-08 15:00:24,330 INFO googleapiclient.discovery: URL being requested: POST https://searchconsole.googleapis.com/webmasters/v3/sites/https%3A%2F%2Fmrohadiz.github.io%2F/searchAnalytics/query?alt=json
2026-10-08 15:00:24,968 INFO collector.gsc_collector: Saved data/observatory/search.json (3165 bytes)
{
  "name": "gsc_collector",
  "last_run": "2026-10-08T08:00:19.549572+00:00",
  "last_error": null,
  "status": "healthy"
}
[2026-10-08 15:00:25] Staging changes...
