[2026-08-14 10:00:01] === Observatory Collection Start ===
[2026-08-14 10:00:01] Collecting traffic data from kmstrack...
◇ injected env (3) from .env // tip: ⌘ multiple files { path: ['.env.local', '.env'] }
Collecting traffic data from kmstrack for mrohadiz.github.io...
Connecting to MongoDB...
Connected to kms_track.kmstrack
Found 10000 records for mrohadiz.github.io
Sample doc: user=0eb17b2b-4e7c-48b0-9f79-fc41d4de7f12, session=db8074a6-ea2e-4913-923b-74697f1642f0, time=Wed Aug 12 2026 12:48:57 GMT+0700 (Western Indonesia Time)
  Metrics: processed=516, users=27, sessions=38, session_ends=22, bounces=10
  Metrics: processed=2582, users=294, sessions=294, session_ends=13, bounces=2
  Filter: removed 6902 bot/crawler events (bot_ua_events=146, automated_sessions=88, sessions_removed=101)
Disconnected from MongoDB
✓ Traffic data saved to /home/rohadi/Projects/mrohadiz.github.io/data/observatory/traffic.json
  Summary: 27 users, 38 sessions
[2026-08-14 10:00:05] Collecting GitHub data...
Starting GitHub data collection...
Collecting commits...
Collecting repository info...
GitHub data collected successfully. Saved to /home/rohadi/Projects/mrohadiz.github.io/data/observatory/publishing.json
[2026-08-14 10:00:07] Collecting knowledge data...
Starting knowledge data collection...
Knowledge data collected successfully. Found 57 articles. Saved to /home/rohadi/Projects/mrohadiz.github.io/data/observatory/knowledge.json
[2026-08-14 10:00:07] Generating insights...
Starting insights generation...
Insights generated successfully. Found 8 insights. Saved to /home/rohadi/Projects/mrohadiz.github.io/data/observatory/insights.json
[2026-08-14 10:00:08] Staging changes...
