[2026-08-13 15:00:02] === Observatory Collection Start ===
[2026-08-13 15:00:02] Collecting traffic data from kmstrack...
◇ injected env (3) from .env // tip: ◈ secrets for agents [www.dotenvx.com]
Collecting traffic data from kmstrack for mrohadiz.github.io...
Connecting to MongoDB...
Connected to kms_track.kmstrack
Found 10000 records for mrohadiz.github.io
Sample doc: user=0eb17b2b-4e7c-48b0-9f79-fc41d4de7f12, session=db8074a6-ea2e-4913-923b-74697f1642f0, time=Wed Aug 12 2026 12:48:57 GMT+0700 (Western Indonesia Time)
  Metrics: processed=568, users=31, sessions=42, session_ends=26, bounces=10
  Metrics: processed=2530, users=290, sessions=290, session_ends=9, bounces=2
  Filter: removed 6902 bot/crawler events (bot_ua_events=146, automated_sessions=88, sessions_removed=101)
Disconnected from MongoDB
✓ Traffic data saved to /home/rohadi/Projects/mrohadiz.github.io/data/observatory/traffic.json
  Summary: 31 users, 42 sessions
[2026-08-13 15:00:05] Collecting GitHub data...
Starting GitHub data collection...
Collecting commits...
Collecting repository info...
GitHub data collected successfully. Saved to /home/rohadi/Projects/mrohadiz.github.io/data/observatory/publishing.json
[2026-08-13 15:00:08] Collecting knowledge data...
Starting knowledge data collection...
Knowledge data collected successfully. Found 57 articles. Saved to /home/rohadi/Projects/mrohadiz.github.io/data/observatory/knowledge.json
[2026-08-13 15:00:08] Generating insights...
Starting insights generation...
Insights generated successfully. Found 9 insights. Saved to /home/rohadi/Projects/mrohadiz.github.io/data/observatory/insights.json
[2026-08-13 15:00:08] Staging changes...
[2026-08-13 15:00:08] Committing and pushing...
[graphify hook] launching background rebuild (log: /home/rohadi/.cache/graphify-rebuild.log)
[main 1b81977] chore: update observatory data 2026-08-13
 6 files changed, 45 insertions(+), 6 deletions(-)
 create mode 100644 data/observatory/logs/collect-20260813-1500.log
To github.com:mrohadiz/mrohadiz.github.io.git
 ! [rejected]        main -> main (fetch first)
error: failed to push some refs to 'github.com:mrohadiz/mrohadiz.github.io.git'
hint: Updates were rejected because the remote contains work that you do not
hint: have locally. This is usually caused by another repository pushing to
hint: the same ref. If you want to integrate the remote changes, use
hint: 'git pull' before pushing again.
hint: See the 'Note about fast-forwards' in 'git push --help' for details.
