[2026-08-06 15:00:01] === Observatory Collection Start ===
[2026-08-06 15:00:01] Collecting traffic data from kmstrack...
◇ injected env (3) from .env // tip: ⌘ multiple files { path: ['.env.local', '.env'] }
Collecting traffic data from kmstrack for mrohadiz.github.io...
Connecting to MongoDB...
Connected to kms_track.kmstrack
Found 10000 records for mrohadiz.github.io
Sample doc: user=f6ddf731-f42a-400a-9cfc-94b587a8217c, session=60bb3ce3-42bb-4877-9498-9e56c49310d8, time=Thu Aug 06 2026 12:03:50 GMT+0700 (Western Indonesia Time)
  Metrics: processed=3167, users=333, sessions=342, session_ends=29, bounces=8
  Filter: removed 6833 bot/crawler events (bot_ua_events=146, automated_sessions=70, sessions_removed=83)
Disconnected from MongoDB
✓ Traffic data saved to /home/rohadi/Projects/mrohadiz.github.io/data/observatory/traffic.json
  Summary: 333 users, 342 sessions
[2026-08-06 15:00:04] Collecting GitHub data...
Starting GitHub data collection...
Collecting commits...
Collecting repository info...
GitHub data collected successfully. Saved to /home/rohadi/Projects/mrohadiz.github.io/data/observatory/publishing.json
[2026-08-06 15:00:06] Collecting knowledge data...
Starting knowledge data collection...
Knowledge data collected successfully. Found 57 articles. Saved to /home/rohadi/Projects/mrohadiz.github.io/data/observatory/knowledge.json
[2026-08-06 15:00:06] Generating insights...
Starting insights generation...
Insights generated successfully. Found 7 insights. Saved to /home/rohadi/Projects/mrohadiz.github.io/data/observatory/insights.json
[2026-08-06 15:00:06] Staging changes...
