[2026-08-24 10:00:01] === Observatory Collection Start ===
[2026-08-24 10:00:01] Collecting traffic data from kmstrack...
◇ injected env (3) from .env // tip: ◈ encrypted .env [www.dotenvx.com]
Collecting traffic data from kmstrack for mrohadiz.github.io...
Connecting to MongoDB...
Connected to kms_track.kmstrack
Found 10000 records for mrohadiz.github.io
Sample doc: user=c2629df8-0a44-4a83-b022-c49d96e667a4, session=54917a78-9f4e-445b-88a8-420bed9b53cd, time=Mon Aug 24 2026 09:09:50 GMT+0700 (Western Indonesia Time)
  Metrics: processed=572, users=29, sessions=42, session_ends=22, bounces=9
  Metrics: processed=2197, users=235, sessions=237, session_ends=20, bounces=6
  Filter: removed 7231 bot/crawler events (bot_ua_events=175, automated_sessions=102, sessions_removed=118)
Disconnected from MongoDB
✓ Traffic data saved to /home/rohadi/Projects/mrohadiz.github.io/data/observatory/traffic.json
  Summary: 29 users, 42 sessions
[2026-08-24 10:00:04] Collecting GitHub data...
Starting GitHub data collection...
Collecting commits...
Collecting repository info...
GitHub data collected successfully. Saved to /home/rohadi/Projects/mrohadiz.github.io/data/observatory/publishing.json
[2026-08-24 10:00:07] Collecting knowledge data...
Starting knowledge data collection...
Knowledge data collected successfully. Found 78 articles. Saved to /home/rohadi/Projects/mrohadiz.github.io/data/observatory/knowledge.json
[2026-08-24 10:00:07] Generating insights...
Starting insights generation...
Insights generated successfully. Found 8 insights. Saved to /home/rohadi/Projects/mrohadiz.github.io/data/observatory/insights.json
[2026-08-24 10:00:07] Collecting Google Search Console data...
2026-08-24 10:00:08,372 WARNING googleapiclient.discovery_cache: file_cache is unavailable when using oauth2client >= 4.0.0 or google-auth
Traceback (most recent call last):
  File "/usr/lib/python3/dist-packages/googleapiclient/discovery_cache/__init__.py", line 36, in autodetect
    from google.appengine.api import memcache
ModuleNotFoundError: No module named 'google.appengine'

During handling of the above exception, another exception occurred:

Traceback (most recent call last):
  File "/usr/lib/python3/dist-packages/googleapiclient/discovery_cache/file_cache.py", line 33, in <module>
    from oauth2client.contrib.locked_file import LockedFile
ModuleNotFoundError: No module named 'oauth2client.contrib.locked_file'

During handling of the above exception, another exception occurred:

Traceback (most recent call last):
  File "/usr/lib/python3/dist-packages/googleapiclient/discovery_cache/file_cache.py", line 37, in <module>
    from oauth2client.locked_file import LockedFile
ModuleNotFoundError: No module named 'oauth2client.locked_file'

During handling of the above exception, another exception occurred:

Traceback (most recent call last):
  File "/usr/lib/python3/dist-packages/googleapiclient/discovery_cache/__init__.py", line 42, in autodetect
    from . import file_cache
  File "/usr/lib/python3/dist-packages/googleapiclient/discovery_cache/file_cache.py", line 40, in <module>
    raise ImportError(
ImportError: file_cache is unavailable when using oauth2client >= 4.0.0 or google-auth
2026-08-24 10:00:08,373 INFO googleapiclient.discovery: URL being requested: GET https://www.googleapis.com/discovery/v1/apis/searchconsole/v1/rest
2026-08-24 10:00:08,886 INFO googleapiclient.discovery: URL being requested: POST https://searchconsole.googleapis.com/webmasters/v3/sites/https%3A%2F%2Fmrohadiz.github.io%2F/searchAnalytics/query?alt=json
2026-08-24 10:00:09,754 INFO googleapiclient.discovery: URL being requested: POST https://searchconsole.googleapis.com/webmasters/v3/sites/https%3A%2F%2Fmrohadiz.github.io%2F/searchAnalytics/query?alt=json
2026-08-24 10:00:10,117 INFO googleapiclient.discovery: URL being requested: POST https://searchconsole.googleapis.com/webmasters/v3/sites/https%3A%2F%2Fmrohadiz.github.io%2F/searchAnalytics/query?alt=json
2026-08-24 10:00:10,635 INFO googleapiclient.discovery: URL being requested: POST https://searchconsole.googleapis.com/webmasters/v3/sites/https%3A%2F%2Fmrohadiz.github.io%2F/searchAnalytics/query?alt=json
2026-08-24 10:00:10,997 INFO googleapiclient.discovery: URL being requested: POST https://searchconsole.googleapis.com/webmasters/v3/sites/https%3A%2F%2Fmrohadiz.github.io%2F/searchAnalytics/query?alt=json
2026-08-24 10:00:11,293 INFO googleapiclient.discovery: URL being requested: POST https://searchconsole.googleapis.com/webmasters/v3/sites/https%3A%2F%2Fmrohadiz.github.io%2F/searchAnalytics/query?alt=json
2026-08-24 10:00:11,641 INFO googleapiclient.discovery: URL being requested: POST https://searchconsole.googleapis.com/webmasters/v3/sites/https%3A%2F%2Fmrohadiz.github.io%2F/searchAnalytics/query?alt=json
2026-08-24 10:00:11,796 INFO googleapiclient.discovery: URL being requested: POST https://searchconsole.googleapis.com/webmasters/v3/sites/https%3A%2F%2Fmrohadiz.github.io%2F/searchAnalytics/query?alt=json
2026-08-24 10:00:12,121 INFO collector.gsc_collector: Saved data/observatory/search.json (3175 bytes)
{
  "name": "gsc_collector",
  "last_run": "2026-08-24T03:00:08.328526+00:00",
  "last_error": null,
  "status": "healthy"
}
[2026-08-24 10:00:12] Staging changes...
[2026-08-24 10:00:12] Committing and pushing...
[graphify hook] launching background rebuild (log: /home/rohadi/.cache/graphify-rebuild.log)
[main 91ab46f] chore: update observatory data 2026-08-24
 7 files changed, 245 insertions(+), 166 deletions(-)
 create mode 100644 data/observatory/logs/collect-20260824-1000.log
From github.com:mrohadiz/mrohadiz.github.io
 * branch            main       -> FETCH_HEAD
   8f1608f..eceb4e5  main       -> origin/main
