[2026-09-24 15:00:01] === Observatory Collection Start ===
[2026-09-24 15:00:01] Collecting traffic data from kmstrack...
◇ injected env (3) from .env // tip: ◈ encrypted .env [www.dotenvx.com]
Collecting traffic data from kmstrack for www.mrohadiz.my.id, mrohadiz.my.id, mrohadiz.github.io...
Connecting to MongoDB...
Connected to kms_track.kmstrack
 - www.mrohadiz.my.id: 2388 records
 - mrohadiz.github.io: 10000 records
Total found: 10000 records across [www.mrohadiz.my.id, mrohadiz.my.id, mrohadiz.github.io]
Sample doc: user=78b5796b-2581-4bb3-8913-5a4219454222, session=fe4a9345-cdb5-4daa-907f-3f7543bb16de, time=Thu Sep 24 2026 07:08:36 GMT+0700 (Western Indonesia Time)
  Metrics: processed=904, users=29, sessions=49, session_ends=51, bounces=19
  Metrics: processed=508, users=29, sessions=41, session_ends=18, bounces=9
  Filter: removed 8290 bot/crawler events (bot_ua_events=1288, automated_sessions=104, sessions_removed=256)
Disconnected from MongoDB
✓ Traffic data saved to /home/rohadi/Projects/mrohadiz.github.io/data/observatory/traffic.json
  Summary: 29 users, 49 sessions
[2026-09-24 15:00:06] Collecting GitHub data...
Starting GitHub data collection...
Collecting commits...
Collecting repository info...
GitHub data collected successfully. Saved to /home/rohadi/Projects/mrohadiz.github.io/data/observatory/publishing.json
[2026-09-24 15:00:08] Collecting knowledge data...
Starting knowledge data collection...
Knowledge data collected successfully. Found 164 articles. Saved to /home/rohadi/Projects/mrohadiz.github.io/data/observatory/knowledge.json
[2026-09-24 15:00:09] Generating insights...
Starting insights generation...
Insights generated successfully. Found 9 insights. Saved to /home/rohadi/Projects/mrohadiz.github.io/data/observatory/insights.json
[2026-09-24 15:00:09] Collecting Google Search Console data...
2026-09-24 15:00:10,455 WARNING googleapiclient.discovery_cache: file_cache is unavailable when using oauth2client >= 4.0.0 or google-auth
Traceback (most recent call last):
  File "/usr/lib/python3/dist-packages/googleapiclient/discovery_cache/__init__.py", line 36, in autodetect
    from google.appengine.api import memcache
ModuleNotFoundError: No module named 'google.appengine'

During handling of the above exception, another exception occurred:

Traceback (most recent call last):
  File "/usr/lib/python3/dist-packages/googleapiclient/discovery_cache/file_cache.py", line 33, in <module>
    from oauth2client.contrib.locked_file import LockedFile
ModuleNotFoundError: No module named 'oauth2client.contrib.locked_file'

During handling of the above exception, another exception occurred:

Traceback (most recent call last):
  File "/usr/lib/python3/dist-packages/googleapiclient/discovery_cache/file_cache.py", line 37, in <module>
    from oauth2client.locked_file import LockedFile
ModuleNotFoundError: No module named 'oauth2client.locked_file'

During handling of the above exception, another exception occurred:

Traceback (most recent call last):
  File "/usr/lib/python3/dist-packages/googleapiclient/discovery_cache/__init__.py", line 42, in autodetect
    from . import file_cache
  File "/usr/lib/python3/dist-packages/googleapiclient/discovery_cache/file_cache.py", line 40, in <module>
    raise ImportError(
ImportError: file_cache is unavailable when using oauth2client >= 4.0.0 or google-auth
2026-09-24 15:00:10,456 INFO googleapiclient.discovery: URL being requested: GET https://www.googleapis.com/discovery/v1/apis/searchconsole/v1/rest
2026-09-24 15:00:10,899 INFO googleapiclient.discovery: URL being requested: POST https://searchconsole.googleapis.com/webmasters/v3/sites/https%3A%2F%2Fmrohadiz.github.io%2F/searchAnalytics/query?alt=json
2026-09-24 15:00:11,556 INFO googleapiclient.discovery: URL being requested: POST https://searchconsole.googleapis.com/webmasters/v3/sites/https%3A%2F%2Fmrohadiz.github.io%2F/searchAnalytics/query?alt=json
2026-09-24 15:00:11,981 INFO googleapiclient.discovery: URL being requested: POST https://searchconsole.googleapis.com/webmasters/v3/sites/https%3A%2F%2Fmrohadiz.github.io%2F/searchAnalytics/query?alt=json
2026-09-24 15:00:12,344 INFO googleapiclient.discovery: URL being requested: POST https://searchconsole.googleapis.com/webmasters/v3/sites/https%3A%2F%2Fmrohadiz.github.io%2F/searchAnalytics/query?alt=json
2026-09-24 15:00:12,460 INFO googleapiclient.discovery: URL being requested: POST https://searchconsole.googleapis.com/webmasters/v3/sites/https%3A%2F%2Fmrohadiz.github.io%2F/searchAnalytics/query?alt=json
2026-09-24 15:00:12,756 INFO googleapiclient.discovery: URL being requested: POST https://searchconsole.googleapis.com/webmasters/v3/sites/https%3A%2F%2Fmrohadiz.github.io%2F/searchAnalytics/query?alt=json
2026-09-24 15:00:12,940 INFO googleapiclient.discovery: URL being requested: POST https://searchconsole.googleapis.com/webmasters/v3/sites/https%3A%2F%2Fmrohadiz.github.io%2F/searchAnalytics/query?alt=json
2026-09-24 15:00:13,227 INFO googleapiclient.discovery: URL being requested: POST https://searchconsole.googleapis.com/webmasters/v3/sites/https%3A%2F%2Fmrohadiz.github.io%2F/searchAnalytics/query?alt=json
2026-09-24 15:00:13,542 INFO collector.gsc_collector: Saved data/observatory/search.json (3171 bytes)
{
  "name": "gsc_collector",
  "last_run": "2026-09-24T08:00:10.400295+00:00",
  "last_error": null,
  "status": "healthy"
}
[2026-09-24 15:00:13] Staging changes...
