[2026-08-10 10:00:01] === Observatory Collection Start ===
[2026-08-10 10:00:01] Collecting traffic data from kmstrack...
◇ injected env (3) from .env // tip: ⌘ enable debugging { debug: true }
Collecting traffic data from kmstrack for mrohadiz.github.io...
Connecting to MongoDB...
Connected to kms_track.kmstrack
Found 10000 records for mrohadiz.github.io
Sample doc: user=0eb17b2b-4e7c-48b0-9f79-fc41d4de7f12, session=f6061631-3e5a-45ea-90a7-d12ed02deee3, time=Mon Aug 10 2026 06:16:34 GMT+0700 (Western Indonesia Time)
  Metrics: processed=3177, users=334, sessions=343, session_ends=29, bounces=8
  Filter: removed 6823 bot/crawler events (bot_ua_events=146, automated_sessions=84, sessions_removed=97)
Disconnected from MongoDB
✓ Traffic data saved to /home/rohadi/Projects/mrohadiz.github.io/data/observatory/traffic.json
  Summary: 334 users, 343 sessions
[2026-08-10 10:00:07] Collecting GitHub data...
Starting GitHub data collection...
Collecting commits...
Collecting repository info...
GitHub data collected successfully. Saved to /home/rohadi/Projects/mrohadiz.github.io/data/observatory/publishing.json
[2026-08-10 10:00:10] Collecting knowledge data...
Starting knowledge data collection...
Knowledge data collected successfully. Found 57 articles. Saved to /home/rohadi/Projects/mrohadiz.github.io/data/observatory/knowledge.json
[2026-08-10 10:00:10] Generating insights...
Starting insights generation...
Insights generated successfully. Found 7 insights. Saved to /home/rohadi/Projects/mrohadiz.github.io/data/observatory/insights.json
[2026-08-10 10:00:10] Staging changes...
[2026-08-10 10:00:10] Committing and pushing...
[graphify hook] launching background rebuild (log: /home/rohadi/.cache/graphify-rebuild.log)
[main 926458b] chore: update observatory data 2026-08-10
 5 files changed, 131 insertions(+), 106 deletions(-)
 create mode 100644 data/observatory/logs/collect-20260810-1000.log
To github.com:mrohadiz/mrohadiz.github.io.git
 ! [rejected]        main -> main (fetch first)
error: failed to push some refs to 'github.com:mrohadiz/mrohadiz.github.io.git'
hint: Updates were rejected because the remote contains work that you do not
hint: have locally. This is usually caused by another repository pushing to
hint: the same ref. If you want to integrate the remote changes, use
hint: 'git pull' before pushing again.
hint: See the 'Note about fast-forwards' in 'git push --help' for details.
