[2026-08-14 15:00:01] === Observatory Collection Start ===
[2026-08-14 15:00:01] Collecting traffic data from kmstrack...
◇ injected env (3) from .env // tip: ⌘ override existing { override: true }
Collecting traffic data from kmstrack for mrohadiz.github.io...
Connecting to MongoDB...
Connected to kms_track.kmstrack
Found 10000 records for mrohadiz.github.io
Sample doc: user=0eb17b2b-4e7c-48b0-9f79-fc41d4de7f12, session=db8074a6-ea2e-4913-923b-74697f1642f0, time=Wed Aug 12 2026 12:48:57 GMT+0700 (Western Indonesia Time)
  Metrics: processed=395, users=24, sessions=34, session_ends=18, bounces=9
  Metrics: processed=2703, users=298, sessions=298, session_ends=17, bounces=3
  Filter: removed 6902 bot/crawler events (bot_ua_events=146, automated_sessions=88, sessions_removed=101)
Disconnected from MongoDB
✓ Traffic data saved to /home/rohadi/Projects/mrohadiz.github.io/data/observatory/traffic.json
  Summary: 24 users, 34 sessions
[2026-08-14 15:00:05] Collecting GitHub data...
Starting GitHub data collection...
Collecting commits...
Collecting repository info...
GitHub data collected successfully. Saved to /home/rohadi/Projects/mrohadiz.github.io/data/observatory/publishing.json
[2026-08-14 15:00:18] Collecting knowledge data...
Starting knowledge data collection...
Knowledge data collected successfully. Found 57 articles. Saved to /home/rohadi/Projects/mrohadiz.github.io/data/observatory/knowledge.json
[2026-08-14 15:00:18] Generating insights...
Starting insights generation...
Insights generated successfully. Found 9 insights. Saved to /home/rohadi/Projects/mrohadiz.github.io/data/observatory/insights.json
[2026-08-14 15:00:18] Staging changes...
