[2026-08-18 08:15:29] === Observatory Collection Start ===
[2026-08-18 08:15:29] Collecting traffic data from kmstrack...
◇ injected env (3) from .env // tip: ⌘ enable debugging { debug: true }
Collecting traffic data from kmstrack for mrohadiz.github.io...
Connecting to MongoDB...
Connected to kms_track.kmstrack
Found 10000 records for mrohadiz.github.io
Sample doc: user=a902d61f-277f-4d93-993d-5fb513d279f9, session=7b919021-5eed-4f90-bcc1-be31429c7da6, time=Mon Aug 17 2026 22:33:51 GMT+0700 (Western Indonesia Time)
  Metrics: processed=456, users=28, sessions=39, session_ends=19, bounces=10
  Metrics: processed=2558, users=280, sessions=280, session_ends=17, bounces=3
  Filter: removed 6986 bot/crawler events (bot_ua_events=146, automated_sessions=97, sessions_removed=110)
Disconnected from MongoDB
✓ Traffic data saved to /home/rohadi/Projects/mrohadiz.github.io/data/observatory/traffic.json
  Summary: 28 users, 39 sessions
[2026-08-18 08:15:35] Collecting GitHub data...
Starting GitHub data collection...
Collecting commits...
Collecting repository info...
GitHub data collected successfully. Saved to /home/rohadi/Projects/mrohadiz.github.io/data/observatory/publishing.json
[2026-08-18 08:15:38] Collecting knowledge data...
Starting knowledge data collection...
Knowledge data collected successfully. Found 57 articles. Saved to /home/rohadi/Projects/mrohadiz.github.io/data/observatory/knowledge.json
[2026-08-18 08:15:39] Generating insights...
Starting insights generation...
Insights generated successfully. Found 8 insights. Saved to /home/rohadi/Projects/mrohadiz.github.io/data/observatory/insights.json
[2026-08-18 08:15:39] Staging changes...
