[2026-08-06 08:54:45] === Observatory Collection Start ===
[2026-08-06 08:54:45] Collecting traffic data from kmstrack...
◇ injected env (0) from .env // tip: ◈ encrypted .env [www.dotenvx.com]
Collecting traffic data from kmstrack for mrohadiz.github.io...
Connecting to MongoDB...
Connected to kms_track.kmstrack
Found 10000 records for mrohadiz.github.io
Sample doc: user=0eb17b2b-4e7c-48b0-9f79-fc41d4de7f12, session=c9ee433e-ad9a-4596-b3b6-e833572ef1c4, time=Wed Aug 05 2026 07:06:11 GMT+0700 (Western Indonesia Time)
  Metrics: processed=10000, users=345, sessions=424
Disconnected from MongoDB
✓ Traffic data saved to /home/rohadi/Projects/mrohadiz.github.io/data/observatory/traffic.json
  Summary: 345 users, 424 sessions
[2026-08-06 08:54:51] Collecting GitHub data...
Starting GitHub data collection...
Collecting commits...
Collecting repository info...
GitHub data collected successfully. Saved to /home/rohadi/Projects/mrohadiz.github.io/data/observatory/publishing.json
[2026-08-06 08:54:53] Collecting knowledge data...
Starting knowledge data collection...
Knowledge data collected successfully. Found 57 articles. Saved to /home/rohadi/Projects/mrohadiz.github.io/data/observatory/knowledge.json
[2026-08-06 08:54:53] Generating insights...
Starting insights generation...
Insights generated successfully. Found 9 insights. Saved to /home/rohadi/Projects/mrohadiz.github.io/data/observatory/insights.json
[2026-08-06 08:54:53] Staging changes...
[2026-08-06 08:54:53] Committing and pushing...
[graphify hook] launching background rebuild (log: /home/rohadi/.cache/graphify-rebuild.log)
[main 9c2edaf] chore: update observatory data 2026-08-06
 17 files changed, 607 insertions(+), 297 deletions(-)
 create mode 100644 data/observatory/logs/collect-20260729-1000.log
 create mode 100644 data/observatory/logs/collect-20260729-1500.log
 create mode 100644 data/observatory/logs/collect-20260730-1000.log
 create mode 100644 data/observatory/logs/collect-20260730-1500.log
 create mode 100644 data/observatory/logs/collect-20260731-1000.log
 create mode 100644 data/observatory/logs/collect-20260731-1500.log
 create mode 100644 data/observatory/logs/collect-20260803-1000.log
 create mode 100644 data/observatory/logs/collect-20260803-1500.log
 create mode 100644 data/observatory/logs/collect-20260804-1000.log
 create mode 100644 data/observatory/logs/collect-20260804-1500.log
 create mode 100644 data/observatory/logs/collect-20260805-1000.log
 create mode 100644 data/observatory/logs/collect-20260805-1500.log
 create mode 100644 data/observatory/logs/collect-20260806-0854.log
remote: 
remote: GitHub found 5 vulnerabilities on mrohadiz/mrohadiz.github.io's default branch (1 high, 4 moderate). To find out more, visit:        
remote:      https://github.com/mrohadiz/mrohadiz.github.io/security/dependabot        
remote: 
To github.com:mrohadiz/mrohadiz.github.io.git
   98f9c5c..9c2edaf  main -> main
[2026-08-06 08:54:57] Done.
[2026-08-06 08:54:57] === Observatory Collection Complete ===
