[2026-08-11 15:00:01] === Observatory Collection Start ===
[2026-08-11 15:00:01] Collecting traffic data from kmstrack...
◇ injected env (3) from .env // tip: ⌘ multiple files { path: ['.env.local', '.env'] }
Collecting traffic data from kmstrack for mrohadiz.github.io...
Connecting to MongoDB...
Connected to kms_track.kmstrack
Found 10000 records for mrohadiz.github.io
Sample doc: user=c2629df8-0a44-4a83-b022-c49d96e667a4, session=e3737c9f-dcc7-4f9a-ac2b-1f884cbdf17a, time=Tue Aug 11 2026 09:04:48 GMT+0700 (Western Indonesia Time)
  Metrics: processed=3129, users=325, sessions=336, session_ends=35, bounces=12
  Filter: removed 6871 bot/crawler events (bot_ua_events=146, automated_sessions=86, sessions_removed=99)
Disconnected from MongoDB
✓ Traffic data saved to /home/rohadi/Projects/mrohadiz.github.io/data/observatory/traffic.json
  Summary: 325 users, 336 sessions
[2026-08-11 15:00:05] Collecting GitHub data...
Starting GitHub data collection...
Collecting commits...
Collecting repository info...
GitHub data collected successfully. Saved to /home/rohadi/Projects/mrohadiz.github.io/data/observatory/publishing.json
[2026-08-11 15:00:08] Collecting knowledge data...
Starting knowledge data collection...
Knowledge data collected successfully. Found 57 articles. Saved to /home/rohadi/Projects/mrohadiz.github.io/data/observatory/knowledge.json
[2026-08-11 15:00:08] Generating insights...
Starting insights generation...
Insights generated successfully. Found 8 insights. Saved to /home/rohadi/Projects/mrohadiz.github.io/data/observatory/insights.json
[2026-08-11 15:00:08] Staging changes...
[2026-08-11 15:00:08] Committing and pushing...
[graphify hook] launching background rebuild (log: /home/rohadi/.cache/graphify-rebuild.log)
[main e7b58c7] chore: update observatory data 2026-08-11
 6 files changed, 44 insertions(+), 11 deletions(-)
 create mode 100644 data/observatory/logs/collect-20260811-1500.log
To github.com:mrohadiz/mrohadiz.github.io.git
 ! [rejected]        main -> main (fetch first)
error: failed to push some refs to 'github.com:mrohadiz/mrohadiz.github.io.git'
hint: Updates were rejected because the remote contains work that you do not
hint: have locally. This is usually caused by another repository pushing to
hint: the same ref. If you want to integrate the remote changes, use
hint: 'git pull' before pushing again.
hint: See the 'Note about fast-forwards' in 'git push --help' for details.
