[2026-08-07 10:00:02] === Observatory Collection Start ===
[2026-08-07 10:00:02] Collecting traffic data from kmstrack...
◇ injected env (3) from .env // tip: ⌘ multiple files { path: ['.env.local', '.env'] }
Collecting traffic data from kmstrack for mrohadiz.github.io...
Connecting to MongoDB...
Connected to kms_track.kmstrack
Found 10000 records for mrohadiz.github.io
Sample doc: user=3c11b145-488a-4c72-8e39-20d9a00404fc, session=26d3dbb1-132b-4327-8693-611e751d73ae, time=Fri Aug 07 2026 07:58:08 GMT+0700 (Western Indonesia Time)
  Metrics: processed=3188, users=334, sessions=344, session_ends=30, bounces=9
  Filter: removed 6812 bot/crawler events (bot_ua_events=146, automated_sessions=73, sessions_removed=86)
Disconnected from MongoDB
✓ Traffic data saved to /home/rohadi/Projects/mrohadiz.github.io/data/observatory/traffic.json
  Summary: 334 users, 344 sessions
[2026-08-07 10:00:07] Collecting GitHub data...
Starting GitHub data collection...
Collecting commits...
Collecting repository info...
GitHub data collected successfully. Saved to /home/rohadi/Projects/mrohadiz.github.io/data/observatory/publishing.json
[2026-08-07 10:00:08] Collecting knowledge data...
Starting knowledge data collection...
Knowledge data collected successfully. Found 57 articles. Saved to /home/rohadi/Projects/mrohadiz.github.io/data/observatory/knowledge.json
[2026-08-07 10:00:09] Generating insights...
Starting insights generation...
Insights generated successfully. Found 9 insights. Saved to /home/rohadi/Projects/mrohadiz.github.io/data/observatory/insights.json
[2026-08-07 10:00:09] Staging changes...
[2026-08-07 10:00:09] Committing and pushing...
[graphify hook] launching background rebuild (log: /home/rohadi/.cache/graphify-rebuild.log)
[main 3e9d2d6] chore: update observatory data 2026-08-07
 5 files changed, 140 insertions(+), 90 deletions(-)
 create mode 100644 data/observatory/logs/collect-20260807-1000.log
To github.com:mrohadiz/mrohadiz.github.io.git
   d443866..3e9d2d6  main -> main
[2026-08-07 10:00:13] Done.
[2026-08-07 10:00:13] === Observatory Collection Complete ===
