[2026-09-23 10:00:02] === Observatory Collection Start ===
[2026-09-23 10:00:02] Collecting traffic data from kmstrack...
◇ injected env (3) from .env // tip: ⌁ auth for agents [www.vestauth.com]
Collecting traffic data from kmstrack for www.mrohadiz.my.id, mrohadiz.my.id, mrohadiz.github.io...
Connecting to MongoDB...
Connected to kms_track.kmstrack
 - www.mrohadiz.my.id: 2123 records
 - mrohadiz.github.io: 10000 records
Total found: 10000 records across [www.mrohadiz.my.id, mrohadiz.my.id, mrohadiz.github.io]
Sample doc: user=76adc171-d664-4d98-a827-b92a10d25b5c, session=136d5379-354c-4064-90fe-b34074ecbd7f, time=Wed Sep 23 2026 09:57:20 GMT+0700 (Western Indonesia Time)
  Metrics: processed=877, users=27, sessions=48, session_ends=50, bounces=18
  Metrics: processed=572, users=29, sessions=42, session_ends=22, bounces=9
  Filter: removed 8253 bot/crawler events (bot_ua_events=1068, automated_sessions=105, sessions_removed=242)
Disconnected from MongoDB
✓ Traffic data saved to /home/rohadi/Projects/mrohadiz.github.io/data/observatory/traffic.json
  Summary: 27 users, 48 sessions
[2026-09-23 10:00:21] Collecting GitHub data...
Starting GitHub data collection...
Collecting commits...
Collecting repository info...
GitHub data collected successfully. Saved to /home/rohadi/Projects/mrohadiz.github.io/data/observatory/publishing.json
[2026-09-23 10:00:24] Collecting knowledge data...
Starting knowledge data collection...
Knowledge data collected successfully. Found 164 articles. Saved to /home/rohadi/Projects/mrohadiz.github.io/data/observatory/knowledge.json
[2026-09-23 10:00:24] Generating insights...
Starting insights generation...
Insights generated successfully. Found 9 insights. Saved to /home/rohadi/Projects/mrohadiz.github.io/data/observatory/insights.json
[2026-09-23 10:00:24] Collecting Google Search Console data...
2026-09-23 10:00:25,084 WARNING googleapiclient.discovery_cache: file_cache is unavailable when using oauth2client >= 4.0.0 or google-auth
Traceback (most recent call last):
  File "/usr/lib/python3/dist-packages/googleapiclient/discovery_cache/__init__.py", line 36, in autodetect
    from google.appengine.api import memcache
ModuleNotFoundError: No module named 'google.appengine'

During handling of the above exception, another exception occurred:

Traceback (most recent call last):
  File "/usr/lib/python3/dist-packages/googleapiclient/discovery_cache/file_cache.py", line 33, in <module>
    from oauth2client.contrib.locked_file import LockedFile
ModuleNotFoundError: No module named 'oauth2client.contrib.locked_file'

During handling of the above exception, another exception occurred:

Traceback (most recent call last):
  File "/usr/lib/python3/dist-packages/googleapiclient/discovery_cache/file_cache.py", line 37, in <module>
    from oauth2client.locked_file import LockedFile
ModuleNotFoundError: No module named 'oauth2client.locked_file'

During handling of the above exception, another exception occurred:

Traceback (most recent call last):
  File "/usr/lib/python3/dist-packages/googleapiclient/discovery_cache/__init__.py", line 42, in autodetect
    from . import file_cache
  File "/usr/lib/python3/dist-packages/googleapiclient/discovery_cache/file_cache.py", line 40, in <module>
    raise ImportError(
ImportError: file_cache is unavailable when using oauth2client >= 4.0.0 or google-auth
2026-09-23 10:00:25,085 INFO googleapiclient.discovery: URL being requested: GET https://www.googleapis.com/discovery/v1/apis/searchconsole/v1/rest
2026-09-23 10:00:25,659 INFO googleapiclient.discovery: URL being requested: POST https://searchconsole.googleapis.com/webmasters/v3/sites/https%3A%2F%2Fmrohadiz.github.io%2F/searchAnalytics/query?alt=json
2026-09-23 10:00:26,488 INFO googleapiclient.discovery: URL being requested: POST https://searchconsole.googleapis.com/webmasters/v3/sites/https%3A%2F%2Fmrohadiz.github.io%2F/searchAnalytics/query?alt=json
2026-09-23 10:00:26,685 INFO googleapiclient.discovery: URL being requested: POST https://searchconsole.googleapis.com/webmasters/v3/sites/https%3A%2F%2Fmrohadiz.github.io%2F/searchAnalytics/query?alt=json
2026-09-23 10:00:27,039 INFO googleapiclient.discovery: URL being requested: POST https://searchconsole.googleapis.com/webmasters/v3/sites/https%3A%2F%2Fmrohadiz.github.io%2F/searchAnalytics/query?alt=json
2026-09-23 10:00:27,195 INFO googleapiclient.discovery: URL being requested: POST https://searchconsole.googleapis.com/webmasters/v3/sites/https%3A%2F%2Fmrohadiz.github.io%2F/searchAnalytics/query?alt=json
2026-09-23 10:00:27,368 INFO googleapiclient.discovery: URL being requested: POST https://searchconsole.googleapis.com/webmasters/v3/sites/https%3A%2F%2Fmrohadiz.github.io%2F/searchAnalytics/query?alt=json
2026-09-23 10:00:27,502 INFO googleapiclient.discovery: URL being requested: POST https://searchconsole.googleapis.com/webmasters/v3/sites/https%3A%2F%2Fmrohadiz.github.io%2F/searchAnalytics/query?alt=json
2026-09-23 10:00:27,663 INFO googleapiclient.discovery: URL being requested: POST https://searchconsole.googleapis.com/webmasters/v3/sites/https%3A%2F%2Fmrohadiz.github.io%2F/searchAnalytics/query?alt=json
2026-09-23 10:00:27,838 INFO collector.gsc_collector: Saved data/observatory/search.json (3169 bytes)
{
  "name": "gsc_collector",
  "last_run": "2026-09-23T03:00:25.044077+00:00",
  "last_error": null,
  "status": "healthy"
}
[2026-09-23 10:00:27] Staging changes...
[2026-09-23 10:00:28] Committing and pushing...
[graphify hook] launching background rebuild (log: /home/rohadi/.cache/graphify-rebuild.log)
[main f14aace] chore: update observatory data 2026-09-23
 8 files changed, 294 insertions(+), 180 deletions(-)
 create mode 100644 data/observatory/logs/collect-20260922-1500.log
 create mode 100644 data/observatory/logs/collect-20260923-1000.log
From github.com:mrohadiz/mrohadiz.github.io
 * branch            main       -> FETCH_HEAD
